// Jest Snapshot v1, https://goo.gl/fbAQLP

exports[`Button render 1`] = `
<button
  className="button"
  onClick={[MockFunction]}
>
  테스트
</button>
`;
